src/components/guides/HuntingGuideForm.tsx(404,42): error TS2367: This comparison appears to be unintentional because the types '"create"' and '"edit"' have no overlap.
src/components/guides/HuntingGuideForm.tsx(428,39): error TS2367: This comparison appears to be unintentional because the types '"create"' and '"edit"' have no overlap.
src/components/guides/HuntingGuideForm.tsx(451,43): error TS2367: This comparison appears to be unintentional because the types '"create"' and '"edit"' have no overlap.
src/components/guides/HuntingGuideForm.tsx(480,56): error TS2367: This comparison appears to be unintentional because the types '"create"' and '"edit"' have no overlap.
src/components/guides/HuntingGuideForm.tsx(494,40): error TS2367: This comparison appears to be unintentional because the types '"create"' and '"edit"' have no overlap.
src/components/guides/HuntingGuideForm.tsx(528,45): error TS2367: This comparison appears to be unintentional because the types '"create"' and '"edit"' have no overlap.
src/components/guides/HuntingGuideForm.tsx(564,51): error TS2367: This comparison appears to be unintentional because the types '"create"' and '"edit"' have no overlap.
src/components/guides/HuntingGuideForm.tsx(574,16): error TS2367: This comparison appears to be unintentional because the types '"create"' and '"edit"' have no overlap.
src/components/guides/HuntingGuideForm.tsx(594,35): error TS2367: This comparison appears to be unintentional because the types '"create"' and '"edit"' have no overlap.
src/components/guides/HuntingGuideForm.tsx(601,39): error TS2367: This comparison appears to be unintentional because the types '"create"' and '"edit"' have no overlap.
src/components/guides/HuntingGuideForm.tsx(621,24): error TS2367: This comparison appears to be unintentional because the types '"create"' and '"edit"' have no overlap.
src/components/guides/HuntingGuideForm.tsx(711,22): error TS2367: This comparison appears to be unintentional because the types '"create"' and '"edit"' have no overlap.
src/components/guides/HuntingGuideForm.tsx(714,19): error TS2367: This comparison appears to be unintentional because the types '"create"' and '"edit"' have no overlap.
../shared/schema.ts(25,14): error TS7022: 'users' implicitly has type 'any' because it does not have a type annotation and is referenced directly or indirectly in its own initializer.
../shared/schema.ts(41,61): error TS7024: Function implicitly has return type 'any' because it does not have a return type annotation and is referenced directly or indirectly in one of its return expressions.
